Script started on 2018-03-21 14:54:42-0400
homeassistant@home:~/WORK/home-assistant$ ssh 192.168.1.202[K[K[K[K^C
homeassistant@home:~/WORK/home-assistant$ script/.[Klint
=================================================
FILES CHANGED (git diff upstream/dev... --diff-filter=d --name-only)
=================================================
homeassistant/components/cover/__init__.py
================
LINT with flake8
================
================
LINT with pylint
================
Using config file /home/homeassistant/WORK/home-assistant/pylintrc
^CTraceback (most recent call last):
  File "/srv/homeassistant/bin/pylint", line 11, in <module>
    sys.exit(run_pylint())
  File "/srv/homeassistant/lib/python3.6/site-packages/pylint/__init__.py", line 16, in run_pylint
    Run(sys.argv[1:])
  File "/srv/homeassistant/lib/python3.6/site-packages/pylint/lint.py", line 1347, in __init__
    linter.check(args)
  File "/srv/homeassistant/lib/python3.6/site-packages/pylint/lint.py", line 768, in check
    self._do_check(files_or_modules)
  File "/srv/homeassistant/lib/python3.6/site-packages/pylint/lint.py", line 901, in _do_check
    self.check_astroid_module(ast_node, walker, rawcheckers, tokencheckers)
  File "/srv/homeassistant/lib/python3.6/site-packages/pylint/lint.py", line 980, in check_astroid_module
    walker.walk(ast_node)
  File "/srv/homeassistant/lib/python3.6/site-packages/pylint/utils.py", line 1014, in walk
    self.walk(child)
  File "/srv/homeassistant/lib/python3.6/site-packages/pylint/utils.py", line 1011, in walk
    cb(astroid)
  File "/srv/homeassistant/lib/python3.6/site-packages/pylint/checkers/variables.py", line 1244, in visit_import
    module = next(node.infer_name_module(parts[0]))
  File "/srv/homeassistant/lib/python3.6/site-packages/astroid/context.py", line 71, in cache_generator
    for result in generator:
  File "/srv/homeassistant/lib/python3.6/site-packages/astroid/decorators.py", line 89, in wrapped
    res = next(generator)
  File "/srv/homeassistant/lib/python3.6/site-packages/astroid/inference.py", line 194, in infer_import
    yield self.do_import_module(name)
  File "/srv/homeassistant/lib/python3.6/site-packages/astroid/mixins.py", line 119, in do_import_module
    relative_only=level and level >= 1)
  File "/srv/homeassistant/lib/python3.6/site-packages/astroid/scoped_nodes.py", line 593, in import_module
    return MANAGER.ast_from_module_name(absmodname)
  File "/srv/homeassistant/lib/python3.6/site-packages/astroid/manager.py", line 154, in ast_from_module_name
    return self.ast_from_file(found_spec.location, modname, fallback=False)
  File "/srv/homeassistant/lib/python3.6/site-packages/astroid/manager.py", line 80, in ast_from_file
    return AstroidBuilder(self).file_build(filepath, modname)
  File "/srv/homeassistant/lib/python3.6/site-packages/astroid/builder.py", line 153, in file_build
    return self._post_build(module, encoding)
  File "/srv/homeassistant/lib/python3.6/site-packages/astroid/builder.py", line 170, in _post_build
    self.add_from_names_to_locals(from_node)
  File "/srv/homeassistant/lib/python3.6/site-packages/astroid/builder.py", line 215, in add_from_names_to_locals
    imported = node.do_import_module()
  File "/srv/homeassistant/lib/python3.6/site-packages/astroid/mixins.py", line 119, in do_import_module
    relative_only=level and level >= 1)
  File "/srv/homeassistant/lib/python3.6/site-packages/astroid/scoped_nodes.py", line 593, in import_module
    return MANAGER.ast_from_module_name(absmodname)
  File "/srv/homeassistant/lib/python3.6/site-packages/astroid/manager.py", line 154, in ast_from_module_name
    return self.ast_from_file(found_spec.location, modname, fallback=False)
  File "/srv/homeassistant/lib/python3.6/site-packages/astroid/manager.py", line 80, in ast_from_file
    return AstroidBuilder(self).file_build(filepath, modname)
  File "/srv/homeassistant/lib/python3.6/site-packages/astroid/builder.py", line 153, in file_build
    return self._post_build(module, encoding)
  File "/srv/homeassistant/lib/python3.6/site-packages/astroid/builder.py", line 173, in _post_build
    self.delayed_assattr(delayed)
  File "/srv/homeassistant/lib/python3.6/site-packages/astroid/builder.py", line 232, in delayed_assattr
    for inferred in node.expr.infer():
  File "/srv/homeassistant/lib/python3.6/site-packages/astroid/decorators.py", line 89, in wrapped
    res = next(generator)
  File "/srv/homeassistant/lib/python3.6/site-packages/astroid/bases.py", line 95, in _infer_stmts
    for inferred in stmt.infer(context=context):
  File "/srv/homeassistant/lib/python3.6/site-packages/astroid/context.py", line 71, in cache_generator
    for result in generator:
  File "/srv/homeassistant/lib/python3.6/site-packages/astroid/decorators.py", line 89, in wrapped
    res = next(generator)
  File "/srv/homeassistant/lib/python3.6/site-packages/astroid/bases.py", line 95, in _infer_stmts
    for inferred in stmt.infer(context=context):
  File "/srv/homeassistant/lib/python3.6/site-packages/astroid/context.py", line 71, in cache_generator
    for result in generator:
  File "/srv/homeassistant/lib/python3.6/site-packages/astroid/decorators.py", line 142, in raise_if_nothing_inferred
    yield next(generator)
  File "/srv/homeassistant/lib/python3.6/site-packages/astroid/decorators.py", line 89, in wrapped
    res = next(generator)
  File "/srv/homeassistant/lib/python3.6/site-packages/astroid/inference.py", line 166, in infer_call
    for callee in self.func.infer(context):
  File "/srv/homeassistant/lib/python3.6/site-packages/astroid/context.py", line 71, in cache_generator
    for result in generator:
  File "/srv/homeassistant/lib/python3.6/site-packages/astroid/decorators.py", line 89, in wrapped
    res = next(generator)
  File "/srv/homeassistant/lib/python3.6/site-packages/astroid/decorators.py", line 142, in raise_if_nothing_inferred
    yield next(generator)
  File "/srv/homeassistant/lib/python3.6/site-packages/astroid/inference.py", line 238, in infer_attribute
    for owner in self.expr.infer(context):
  File "/srv/homeassistant/lib/python3.6/site-packages/astroid/context.py", line 71, in cache_generator
    for result in generator:
  File "/srv/homeassistant/lib/python3.6/site-packages/astroid/decorators.py", line 89, in wrapped
    res = next(generator)
  File "/srv/homeassistant/lib/python3.6/site-packages/astroid/bases.py", line 95, in _infer_stmts
    for inferred in stmt.infer(context=context):
  File "/srv/homeassistant/lib/python3.6/site-packages/astroid/context.py", line 71, in cache_generator
    for result in generator:
  File "/srv/homeassistant/lib/python3.6/site-packages/astroid/decorators.py", line 86, in wrapped
    generator = _func(node, context, **kwargs)
  File "/srv/homeassistant/lib/python3.6/site-packages/astroid/inference.py", line 227, in infer_import_from
    stmts = module.getattr(name, ignore_locals=module is self.root())
  File "/srv/homeassistant/lib/python3.6/site-packages/astroid/scoped_nodes.py", line 489, in getattr
    result = [self.import_module(name, relative_only=True)]
  File "/srv/homeassistant/lib/python3.6/site-packages/astroid/scoped_nodes.py", line 593, in import_module
    return MANAGER.ast_from_module_name(absmodname)
  File "/srv/homeassistant/lib/python3.6/site-packages/astroid/manager.py", line 154, in ast_from_module_name
    return self.ast_from_file(found_spec.location, modname, fallback=False)
  File "/srv/homeassistant/lib/python3.6/site-packages/astroid/manager.py", line 80, in ast_from_file
    return AstroidBuilder(self).file_build(filepath, modname)
  File "/srv/homeassistant/lib/python3.6/site-packages/astroid/builder.py", line 153, in file_build
    return self._post_build(module, encoding)
  File "/srv/homeassistant/lib/python3.6/site-packages/astroid/builder.py", line 173, in _post_build
    self.delayed_assattr(delayed)
  File "/srv/homeassistant/lib/python3.6/site-packages/astroid/builder.py", line 232, in delayed_assattr
    for inferred in node.expr.infer():
  File "/srv/homeassistant/lib/python3.6/site-packages/astroid/decorators.py", line 89, in wrapped
    res = next(generator)
  File "/srv/homeassistant/lib/python3.6/site-packages/astroid/bases.py", line 95, in _infer_stmts
    for inferred in stmt.infer(context=context):
  File "/srv/homeassistant/lib/python3.6/site-packages/astroid/context.py", line 71, in cache_generator
    for result in generator:
  File "/srv/homeassistant/lib/python3.6/site-packages/astroid/decorators.py", line 89, in wrapped
    res = next(generator)
  File "/srv/homeassistant/lib/python3.6/site-packages/astroid/bases.py", line 95, in _infer_stmts
    for inferred in stmt.infer(context=context):
  File "/srv/homeassistant/lib/python3.6/site-packages/astroid/context.py", line 71, in cache_generator
    for result in generator:
  File "/srv/homeassistant/lib/python3.6/site-packages/astroid/decorators.py", line 142, in raise_if_nothing_inferred
    yield next(generator)
  File "/srv/homeassistant/lib/python3.6/site-packages/astroid/decorators.py", line 89, in wrapped
    res = next(generator)
  File "/srv/homeassistant/lib/python3.6/site-packages/astroid/inference.py", line 172, in infer_call
    for inferred in callee.infer_call_result(self, callcontext):
  File "/srv/homeassistant/lib/python3.6/site-packages/astroid/scoped_nodes.py", line 1564, in infer_call_result
    for inferred in returnnode.value.infer(context):
  File "/srv/homeassistant/lib/python3.6/site-packages/astroid/context.py", line 71, in cache_generator
    for result in generator:
  File "/srv/homeassistant/lib/python3.6/site-packages/astroid/decorators.py", line 89, in wrapped
    res = next(generator)
  File "/srv/homeassistant/lib/python3.6/site-packages/astroid/bases.py", line 95, in _infer_stmts
    for inferred in stmt.infer(context=context):
  File "/srv/homeassistant/lib/python3.6/site-packages/astroid/context.py", line 71, in cache_generator
    for result in generator:
  File "/srv/homeassistant/lib/python3.6/site-packages/astroid/decorators.py", line 89, in wrapped
    res = next(generator)
  File "/srv/homeassistant/lib/python3.6/site-packages/astroid/bases.py", line 95, in _infer_stmts
    for inferred in stmt.infer(context=context):
  File "/srv/homeassistant/lib/python3.6/site-packages/astroid/context.py", line 71, in cache_generator
    for result in generator:
  File "/srv/homeassistant/lib/python3.6/site-packages/astroid/decorators.py", line 142, in raise_if_nothing_inferred
    yield next(generator)
  File "/srv/homeassistant/lib/python3.6/site-packages/astroid/decorators.py", line 89, in wrapped
    res = next(generator)
  File "/srv/homeassistant/lib/python3.6/site-packages/astroid/inference.py", line 166, in infer_call
    for callee in self.func.infer(context):
  File "/srv/homeassistant/lib/python3.6/site-packages/astroid/context.py", line 71, in cache_generator
    for result in generator:
  File "/srv/homeassistant/lib/python3.6/site-packages/astroid/decorators.py", line 89, in wrapped
    res = next(generator)
  File "/srv/homeassistant/lib/python3.6/site-packages/astroid/decorators.py", line 142, in raise_if_nothing_inferred
    yield next(generator)
  File "/srv/homeassistant/lib/python3.6/site-packages/astroid/inference.py", line 238, in infer_attribute
    for owner in self.expr.infer(context):
  File "/srv/homeassistant/lib/python3.6/site-packages/astroid/context.py", line 71, in cache_generator
    for result in generator:
  File "/srv/homeassistant/lib/python3.6/site-packages/astroid/decorators.py", line 89, in wrapped
    res = next(generator)
  File "/srv/homeassistant/lib/python3.6/site-packages/astroid/bases.py", line 95, in _infer_stmts
    for inferred in stmt.infer(context=context):
  File "/srv/homeassistant/lib/python3.6/site-packages/astroid/context.py", line 71, in cache_generator
    for result in generator:
  File "/srv/homeassistant/lib/python3.6/site-packages/astroid/decorators.py", line 86, in wrapped
    generator = _func(node, context, **kwargs)
  File "/srv/homeassistant/lib/python3.6/site-packages/astroid/inference.py", line 758, in infer_assign
    stmts = list(self.assigned_stmts(context=context))
  File "/srv/homeassistant/lib/python3.6/site-packages/astroid/context.py", line 71, in cache_generator
    for result in generator:
  File "/srv/homeassistant/lib/python3.6/site-packages/astroid/decorators.py", line 89, in wrapped
    res = next(generator)
  File "/srv/homeassistant/lib/python3.6/site-packages/astroid/bases.py", line 95, in _infer_stmts
    for inferred in stmt.infer(context=context):
  File "/srv/homeassistant/lib/python3.6/site-packages/astroid/context.py", line 71, in cache_generator
    for result in generator:
  File "/srv/homeassistant/lib/python3.6/site-packages/astroid/decorators.py", line 89, in wrapped
    res = next(generator)
  File "/srv/homeassistant/lib/python3.6/site-packages/astroid/bases.py", line 95, in _infer_stmts
    for inferred in stmt.infer(context=context):
  File "/srv/homeassistant/lib/python3.6/site-packages/astroid/context.py", line 71, in cache_generator
    for result in generator:
  File "/srv/homeassistant/lib/python3.6/site-packages/astroid/decorators.py", line 142, in raise_if_nothing_inferred
    yield next(generator)
  File "/srv/homeassistant/lib/python3.6/site-packages/astroid/decorators.py", line 89, in wrapped
    res = next(generator)
  File "/srv/homeassistant/lib/python3.6/site-packages/astroid/inference.py", line 172, in infer_call
    for inferred in callee.infer_call_result(self, callcontext):
  File "/srv/homeassistant/lib/python3.6/site-packages/astroid/scoped_nodes.py", line 1564, in infer_call_result
    for inferred in returnnode.value.infer(context):
  File "/srv/homeassistant/lib/python3.6/site-packages/astroid/context.py", line 71, in cache_generator
    for result in generator:
  File "/srv/homeassistant/lib/python3.6/site-packages/astroid/decorators.py", line 89, in wrapped
    res = next(generator)
  File "/srv/homeassistant/lib/python3.6/site-packages/astroid/bases.py", line 95, in _infer_stmts
    for inferred in stmt.infer(context=context):
  File "/srv/homeassistant/lib/python3.6/site-packages/astroid/context.py", line 71, in cache_generator
    for result in generator:
  File "/srv/homeassistant/lib/python3.6/site-packages/astroid/decorators.py", line 89, in wrapped
    res = next(generator)
  File "/srv/homeassistant/lib/python3.6/site-packages/astroid/bases.py", line 95, in _infer_stmts
    for inferred in stmt.infer(context=context):
  File "/srv/homeassistant/lib/python3.6/site-packages/astroid/context.py", line 71, in cache_generator
    for result in generator:
  File "/srv/homeassistant/lib/python3.6/site-packages/astroid/decorators.py", line 142, in raise_if_nothing_inferred
    yield next(generator)
  File "/srv/homeassistant/lib/python3.6/site-packages/astroid/decorators.py", line 89, in wrapped
^C  File "/srv/homeassistant/lib/python3.6/site-packages/astroid/inference.py", line 172, in infer_call
    for inferred in callee.infer_call_result(self, callcontext):
  File "/srv/homeassistant/lib/python3.6/site-packages/astroid/scoped_nodes.py", line 1564, in infer_call_result
    for inferred in returnnode.value.infer(context):
  File "/srv/homeassistant/lib/python3.6/site-packages/astroid/context.py", line 71, in cache_generator
    for result in generator:
KeyboardInterrupt
^C
homeassistant@home:~/WORK/home-assistant$ ^C
homeassistant@home:~/WORK/home-assistant$ script/lint
=================================================
FILES CHANGED (git diff upstream/dev... --diff-filter=d --name-only)
=================================================
homeassistant/components/cover/__init__.py
================
LINT with flake8
================
================
LINT with pylint
================
Using config file /home/homeassistant/WORK/home-assistant/pylintrc

------------------------------------
Your code has been rated at 10.00/10


homeassistant@home:~/WORK/home-assistant$ git add .
warning: CRLF will be replaced by LF in lint.
The file will have its original line endings in your working directory.
homeassistant@home:~/WORK/home-assistant$ git commit -mn [K[K 'Added HassOpen[K[K[K[K[K[K[K[Ktest for Op[K[Kcover intents';[K
tests/components/cover/test_init.py:4:1: F401 'homeassistant.setup.setup_component' imported but unused
tests/components/cover/test_init.py:9:1: E265 block comment should start with '# '
tests/components/cover/test_init.py:10:1: F401 'tests.common.get_test_home_assistant' imported but unused
tests/components/cover/test_init.py:16:1: D200 One-line docstring should fit on one line with quotes
tests/components/cover/test_init.py:16:1: D400 First line should end with a period
tests/components/cover/test_init.py:37:1: E302 expected 2 blank lines, found 1
tests/components/cover/test_init.py:38:1: D200 One-line docstring should fit on one line with quotes
tests/components/cover/test_init.py:38:1: D400 First line should end with a period
[cover_intent 09d40eb8e] Added test for cover intents
 4 files changed, 243 insertions(+)
 create mode 100644 lint
 create mode 100755 tests/components/cover/test_init.py
homeassistant@home:~/WORK/home-assistant$ git commit -m 'Added test for cover intents'add .[Kscript/lintsh 192.168.1.202ed -i '5d' ~/.ssh/known_hosts [3P[C[C[C[C[C[C[C[C[C[C[C[C[C[C[C[C[C[C[C[C[C[C[C[C[11Psh 192.168.1.202ping 192.168.1.75git clone git@github.com:tschmidty69/zmachine-api.git[C[C[C[C[C[C[C[C[C[C[C[C[C[C[C[C[C[C[C[C[C[C[C[C[C[C[C[C[C[C[C[C[C[C[C[C[C[C[C[C[C[C[16Pmv zmachine-api/ zmachine-api-workingcd ..[K,,[3Plspwdrm Eggstraordinary\ Adventure.zblorb [6@./dfrotz[C[C[C[C[C[C[C[C[C[C[C[C[C[C[C[C[C[C[C[C[C[C[C[C[C[C[C[C[C[C[C[C[C[C[C[1P[C[C[C[C[C[C[C[C[C[C[C[C[C[C[C[C[C[C[C[C[C[C[C[C[C[C[C[C[C[C[C[C[C[C[C[C[C[C[C[Cwget http://genericgeekgirl.com/games/eggstraordinary-adventure/Eggstraordinary%20Adventure.zblorb[C[C[C[C[C[C[C[C[C[C[C[C[C[C[C[C[C[C[C[C[C[C[C[C[C[C[C[C[C[C[C[C[C[C[C[C[C[C[C[C[C[C[3@./frotz[C[C[C[C[C[C[C[C[C[C[C[C[C[C[C[C[C[C[C[C[C[C[C[C[C[C[C[C[C[C[C[C[C[C[C[C[C[C[C[C[C[C[C[C[C[C[C[C[C[C[C[C[C[C[C[C[C[C[C[C[C[C[C[C[C[C[C[C[C[C[C[C[C[C[C[C[C[C[C[C[C[C[C[C[C[C[C[C[C[C[C[C[C[C[C[C[C[C[C[C[C[C[C[C[C[C[C[C[C[C[C[C[C[C[C[C[C[C[C[C[C[C[C[C[C[C[C[C[C[C[C[C[C[C[C[C[C[C[C[C[C[C[C[CThe_Wizard_Sniffer.gblorb [K[5Prm 404-Life_not_found.z[C[C[C[C[C[Cls[K./dfrotz 404-Life_not_found.zblorb wget http://www.ifarchive.org/if-archive/games/zcode/404-Life_not_found.zblorb[C[C[C[C[C[C[C[C[C[C[C[C[C[C[C[C[C[C[C[C[C[C[C[C[C[C[C[C[C[C[C[C[C[C[C[C[C[C[C[C[C[C[43P./dfrotz The_Wizard_Sniffer.gblorb wget http://ifarchive.org/if-archive/games/competition2017/The%20Wizard%20Sniffer/The_Wizard_Sniffer.gblorb[C[C[C[C[C[C[C[C[C[C[C[C[C[C[C[C[C[C[C[C[C[C[C[C[C[C[C[C[C[C[C[C[C[C[C[C[C[C[C[C[C[C[69Pcp dfrotz frotz ../zmachine-api/frotz/ldd dfrotz [Ks[Kmake dfrotz[Kcc -Wall -Wextra -std=gnu99 -g -I/usr/local/include src/frotz_common.a src/frotz_curses.a src/blorblib.a -o frotz -lncurses -lao -ldl -lpthread -lm -lsndfile -lvorbisfile -lmodplug -lsamplerate -LL/usr/local/libM[C[C[C[C[C[C[C[C[C[C[C[C[C[C[C[C[C[C[C[C[C[C[C[C[C[C[C[C[C[C[C[C[C[C[C[C[C